// Jest Snapshot v1, https://goo.gl/fbAQLP

exports[`User post Component renders User Post Component to match snaptshots 1`] = `
<div>
  <article>
    <h2>
      sunt aut facere repellat provident occaecati excepturi optio reprehenderit
    </h2>
    <p>
      quia et suscipit
suscipit recusandae consequuntur expedita et cum
reprehenderit molestiae ut ut quas totam
nostrum rerum est autem sunt rem eveniet architecto
    </p>
    <br />
  </article>
  <article>
    <h2>
      qui est esse
    </h2>
    <p>
      est rerum tempore vitae
sequi sint nihil reprehenderit dolor beatae ea dolores neque
fugiat blanditiis voluptate porro vel nihil molestiae ut reiciendis
qui aperiam non debitis possimus qui neque nisi nulla
    </p>
    <br />
  </article>
</div>
`;
