// Jest Snapshot v1, https://goo.gl/fbAQLP

exports[`Label Component renders Label Component to make snapshots 1`] = `
<div>
  <label
    class="text-sm font-medium leading-none peer-disabled:cursor-not-allowed peer-disabled:opacity-70"
  />
</div>
`;
