// Jest Snapshot v1, https://goo.gl/fbAQLP

exports[`Search Component renders Search Component to make snapshots 1`] = `
<div>
  <form
    class="w-50 flex justify-center md:justify-between"
  >
    <input
      class="bg-white p-2 w-80 text-xl rounded-xl"
      placeholder="Search"
      type="text"
      value=""
    />
    <button
      class="p-2 text-xl rounded-xl bg-slate-300 ml-2 font-bold"
    >
      🔍
    </button>
  </form>
</div>
`;
