// Jest Snapshot v1, https://goo.gl/fbAQLP

exports[`Search Term Error Page renders Search Term Error Page to match snapshots 1`] = `
<div>
  <main
    class="bg-slate-200 mx-auto max-w-lg py-1 px-4 min-h-screen"
  >
    <h2
      class="my-4 text-2xl font-bold"
    >
      Something went wrong!
    </h2>
    <button
      class="mb-4 p-4 bg-red-500 text-white rounded-xl"
    >
      Try again
    </button>
    <p
      class="text-xl"
    >
      Or go back to
       
      <a
        class="underline"
        href="/"
      >
        Home üè†
      </a>
    </p>
  </main>
</div>
`;
