// Jest Snapshot v1, https://goo.gl/fbAQLP

exports[`About Loading Page renders About Loading Page to match snaptshot 1`] = `
<div>
  <h1>
    Loading...
  </h1>
</div>
`;
