// Jest Snapshot v1, https://goo.gl/fbAQLP

exports[`User not found Component renders User not found Component to match snaptshots 1`] = `
<div>
  <h1>
    The requested user does not exist
  </h1>
</div>
`;
