// Jest Snapshot v1, https://goo.gl/fbAQLP

exports[`User Id Screen Component Page renders User Id Screen Component Page to match snaptshots 1`] = `<div />`;
