// Jest Snapshot v1, https://goo.gl/fbAQLP

exports[`Item Component renders Item Component to match snapshot 1`] = `
<div>
  <article
    class="m-3 max-w-lg"
  >
    <div
      class="flex flex-row gap-4"
    >
      <div
        class="flex flex-col justify-center"
      >
        <img
          alt="TeST Gliders"
          height="38"
          loading="lazy"
          src="https://upload.wikimedia.org/wikipedia/commons/thumb/d/d7/104_b_aircraft_0.jpg/50px-104_b_aircraft_0.jpg"
          width="50"
        />
      </div>
      <div
        class="flex flex-col justify-center"
      >
        <h2>
          <a
            class="text-xl font-bold underline"
            href="https://en.wikipedia.org/?curid=24884283"
            target="_blank"
          >
            TeST Gliders
          </a>
        </h2>
        <p>
          TeST Gliders was a manufacturer of ultralight sailplanes and motorgliders based in Brno, Czech Republic...
        </p>
      </div>
    </div>
  </article>
</div>
`;
