// Jest Snapshot v1, https://goo.gl/fbAQLP

exports[`Layout  renders Layout unchanged to match snapshot 1`] = `
<div>
  <html
    lang="en"
  >
    <body
      class="bg-slate-800"
    >
      <nav
        class="bg-slate-600 p-4 flex justify-between flex-col md:flex-row sticky top-0 drop-shadow-xl"
      >
        <h1
          class="text-3xl font-bold text-white grid place-content-center mb-2 md:mb-0"
        >
          <a
            href="/"
          >
            Hosthealth
          </a>
        </h1>
        <form
          class="w-50 flex justify-center md:justify-between"
        >
          <input
            class="bg-white p-2 w-80 text-xl rounded-xl"
            placeholder="Search"
            type="text"
            value=""
          />
          <button
            class="p-2 text-xl rounded-xl bg-slate-300 ml-2 font-bold"
          >
            üîç
          </button>
        </form>
      </nav>
      <nav
        class="bg-slate-600  flex justify-end flex-col md:flex-row sticky top-0 drop-shadow-xl"
      >
        <h2
          class="text-1xl font-bold text-white grid place-content-center mb-2 md:mb-0 p-4"
        >
          <a
            href="/"
          >
            Home
          </a>
        </h2>
        <h2
          class="text-1xl font-bold text-white grid place-content-center mb-2 md:mb-0 p-4"
        >
          <a
            href="/"
          >
            News
          </a>
        </h2>
        <h2
          class="text-1xl font-bold text-white grid place-content-center mb-2 md:mb-0 p-4"
        >
          <a
            href="/"
          >
            Contact
          </a>
        </h2>
        <h2
          class="text-1xl font-bold text-white grid place-content-center mb-2 md:mb-0 p-4"
        >
          <a
            href="/"
          >
            About
          </a>
        </h2>
        <h2
          class="text-1xl font-bold text-white grid place-content-center mb-2 md:mb-0 p-4"
        >
          <a
            href="/"
          >
            Sign-Out
          </a>
        </h2>
      </nav>
    </body>
  </html>
</div>
`;
