// Jest Snapshot v1, https://goo.gl/fbAQLP

exports[`Page renders homepage unchanged 1`] = `
<div>
  <main
    class="className"
  />
</div>
`;
